Compiling 134 files with Solc 0.8.26
Solc 0.8.26 finished in 7.78s
Compiler run successful!

Ran 2 tests for test/V2AssetPercentInvariant.t.sol:V2AssetPercentInvariantTest
[PASS] invariant_bucketsCoveredAndOnlySuccessfulActionsAdvanceState() (runs: 256, calls: 32768, reverts: 0)

╭---------------------------+---------------------+-------+---------+----------╮
| Contract                  | Selector            | Calls | Reverts | Discards |
+==============================================================================+
| AssetPercentEngineHandler | advanceCooldownEdge | 2739  | 0       | 0        |
|---------------------------+---------------------+-------+---------+----------|
| AssetPercentEngineHandler | advanceEpoch        | 2780  | 0       | 0        |
|---------------------------+---------------------+-------+---------+----------|
| AssetPercentEngineHandler | advanceLive         | 2820  | 0       | 0        |
|---------------------------+---------------------+-------+---------+----------|
| AssetPercentEngineHandler | attemptExecute      | 2642  | 0       | 0        |
|---------------------------+---------------------+-------+---------+----------|
| AssetPercentEngineHandler | book                | 2722  | 0       | 0        |
|---------------------------+---------------------+-------+---------+----------|
| AssetPercentEngineHandler | donateStock         | 2733  | 0       | 0        |
|---------------------------+---------------------+-------+---------+----------|
| AssetPercentEngineHandler | donateUsdg          | 2731  | 0       | 0        |
|---------------------------+---------------------+-------+---------+----------|
| AssetPercentEngineHandler | makeOracleStale     | 2696  | 0       | 0        |
|---------------------------+---------------------+-------+---------+----------|
| AssetPercentEngineHandler | refreshFeeds        | 2736  | 0       | 0        |
|---------------------------+---------------------+-------+---------+----------|
| AssetPercentEngineHandler | setMarket           | 2739  | 0       | 0        |
|---------------------------+---------------------+-------+---------+----------|
| AssetPercentEngineHandler | setOraclePaused     | 2709  | 0       | 0        |
|---------------------------+---------------------+-------+---------+----------|
| AssetPercentEngineHandler | shoveVenue          | 2721  | 0       | 0        |
╰---------------------------+---------------------+-------+---------+----------╯

[PASS] invariant_everyFillFitsItsOwnPreTradeNavLimitsAndCumulativeEpochLedger() (runs: 256, calls: 32768, reverts: 0)

╭---------------------------+---------------------+-------+---------+----------╮
| Contract                  | Selector            | Calls | Reverts | Discards |
+==============================================================================+
| AssetPercentEngineHandler | advanceCooldownEdge | 2739  | 0       | 0        |
|---------------------------+---------------------+-------+---------+----------|
| AssetPercentEngineHandler | advanceEpoch        | 2780  | 0       | 0        |
|---------------------------+---------------------+-------+---------+----------|
| AssetPercentEngineHandler | advanceLive         | 2820  | 0       | 0        |
|---------------------------+---------------------+-------+---------+----------|
| AssetPercentEngineHandler | attemptExecute      | 2642  | 0       | 0        |
|---------------------------+---------------------+-------+---------+----------|
| AssetPercentEngineHandler | book                | 2722  | 0       | 0        |
|---------------------------+---------------------+-------+---------+----------|
| AssetPercentEngineHandler | donateStock         | 2733  | 0       | 0        |
|---------------------------+---------------------+-------+---------+----------|
| AssetPercentEngineHandler | donateUsdg          | 2731  | 0       | 0        |
|---------------------------+---------------------+-------+---------+----------|
| AssetPercentEngineHandler | makeOracleStale     | 2696  | 0       | 0        |
|---------------------------+---------------------+-------+---------+----------|
| AssetPercentEngineHandler | refreshFeeds        | 2736  | 0       | 0        |
|---------------------------+---------------------+-------+---------+----------|
| AssetPercentEngineHandler | setMarket           | 2739  | 0       | 0        |
|---------------------------+---------------------+-------+---------+----------|
| AssetPercentEngineHandler | setOraclePaused     | 2709  | 0       | 0        |
|---------------------------+---------------------+-------+---------+----------|
| AssetPercentEngineHandler | shoveVenue          | 2721  | 0       | 0        |
╰---------------------------+---------------------+-------+---------+----------╯

Suite result: ok. 2 passed; 0 failed; 0 skipped; finished in 2.48s (4.44s CPU time)

Ran 1 test suite in 2.48s (2.48s CPU time): 2 tests passed, 0 failed, 0 skipped (2 total tests)
