No files changed, compilation skipped

Ran 2 tests for test/V2AssetPercentInvariant.t.sol:V2AssetPercentInvariantTest
[PASS] invariant_bucketsCoveredAndOnlySuccessfulActionsAdvanceState() (runs: 256, calls: 32768, reverts: 0)

╭---------------------------+---------------------+-------+---------+----------╮
| Contract                  | Selector            | Calls | Reverts | Discards |
+==============================================================================+
| AssetPercentEngineHandler | advanceCooldownEdge | 2782  | 0       | 0        |
|---------------------------+---------------------+-------+---------+----------|
| AssetPercentEngineHandler | advanceEpoch        | 2694  | 0       | 0        |
|---------------------------+---------------------+-------+---------+----------|
| AssetPercentEngineHandler | advanceLive         | 2688  | 0       | 0        |
|---------------------------+---------------------+-------+---------+----------|
| AssetPercentEngineHandler | attemptExecute      | 2799  | 0       | 0        |
|---------------------------+---------------------+-------+---------+----------|
| AssetPercentEngineHandler | book                | 2751  | 0       | 0        |
|---------------------------+---------------------+-------+---------+----------|
| AssetPercentEngineHandler | donateStock         | 2817  | 0       | 0        |
|---------------------------+---------------------+-------+---------+----------|
| AssetPercentEngineHandler | donateUsdg          | 2649  | 0       | 0        |
|---------------------------+---------------------+-------+---------+----------|
| AssetPercentEngineHandler | makeOracleStale     | 2754  | 0       | 0        |
|---------------------------+---------------------+-------+---------+----------|
| AssetPercentEngineHandler | refreshFeeds        | 2744  | 0       | 0        |
|---------------------------+---------------------+-------+---------+----------|
| AssetPercentEngineHandler | setMarket           | 2734  | 0       | 0        |
|---------------------------+---------------------+-------+---------+----------|
| AssetPercentEngineHandler | setOraclePaused     | 2682  | 0       | 0        |
|---------------------------+---------------------+-------+---------+----------|
| AssetPercentEngineHandler | shoveVenue          | 2674  | 0       | 0        |
╰---------------------------+---------------------+-------+---------+----------╯

[PASS] invariant_everyFillFitsItsOwnPreTradeNavLimitsAndCumulativeEpochLedger() (runs: 256, calls: 32768, reverts: 0)

╭---------------------------+---------------------+-------+---------+----------╮
| Contract                  | Selector            | Calls | Reverts | Discards |
+==============================================================================+
| AssetPercentEngineHandler | advanceCooldownEdge | 2782  | 0       | 0        |
|---------------------------+---------------------+-------+---------+----------|
| AssetPercentEngineHandler | advanceEpoch        | 2694  | 0       | 0        |
|---------------------------+---------------------+-------+---------+----------|
| AssetPercentEngineHandler | advanceLive         | 2688  | 0       | 0        |
|---------------------------+---------------------+-------+---------+----------|
| AssetPercentEngineHandler | attemptExecute      | 2799  | 0       | 0        |
|---------------------------+---------------------+-------+---------+----------|
| AssetPercentEngineHandler | book                | 2751  | 0       | 0        |
|---------------------------+---------------------+-------+---------+----------|
| AssetPercentEngineHandler | donateStock         | 2817  | 0       | 0        |
|---------------------------+---------------------+-------+---------+----------|
| AssetPercentEngineHandler | donateUsdg          | 2649  | 0       | 0        |
|---------------------------+---------------------+-------+---------+----------|
| AssetPercentEngineHandler | makeOracleStale     | 2754  | 0       | 0        |
|---------------------------+---------------------+-------+---------+----------|
| AssetPercentEngineHandler | refreshFeeds        | 2744  | 0       | 0        |
|---------------------------+---------------------+-------+---------+----------|
| AssetPercentEngineHandler | setMarket           | 2734  | 0       | 0        |
|---------------------------+---------------------+-------+---------+----------|
| AssetPercentEngineHandler | setOraclePaused     | 2682  | 0       | 0        |
|---------------------------+---------------------+-------+---------+----------|
| AssetPercentEngineHandler | shoveVenue          | 2674  | 0       | 0        |
╰---------------------------+---------------------+-------+---------+----------╯

Suite result: ok. 2 passed; 0 failed; 0 skipped; finished in 2.51s (4.52s CPU time)

Ran 1 test suite in 2.52s (2.51s CPU time): 2 tests passed, 0 failed, 0 skipped (2 total tests)
