No files changed, compilation skipped

Ran 5 tests for test/V2DustProgressFuzz.t.sol:V2DustProgressRegularStock0FuzzTest
[PASS] testFuzz_profitCleanupMakesSameCallProgress(uint256,uint256) (runs: 1024, μ: 6191787, ~: 6191941)
[PASS] testFuzz_profitCleanupPreservesMoneyAndDistinctReceipts(uint256,uint256) (runs: 1024, μ: 5940870, ~: 5941030)
[PASS] testFuzz_stopCleanupKeepsGateUntilGenuineReentry(uint256,uint256,uint256) (runs: 1024, μ: 1554742, ~: 1555031)
[PASS] testFuzz_stopCleanupMakesSameCallProgress(uint256,uint256) (runs: 1024, μ: 1272894, ~: 1273077)
[PASS] testFuzz_stopCleanupPreservesMoneyGateAndDistinctReceipts(uint256,uint256) (runs: 1024, μ: 1052140, ~: 1052328)
Suite result: ok. 5 passed; 0 failed; 0 skipped; finished in 7.31s (10.92s CPU time)

Ran 5 tests for test/V2DustProgressFuzz.t.sol:V2DustProgressRegularUsdg0FuzzTest
[PASS] testFuzz_profitCleanupMakesSameCallProgress(uint256,uint256) (runs: 1024, μ: 6192057, ~: 6192215)
[PASS] testFuzz_profitCleanupPreservesMoneyAndDistinctReceipts(uint256,uint256) (runs: 1024, μ: 5941009, ~: 5941174)
[PASS] testFuzz_stopCleanupKeepsGateUntilGenuineReentry(uint256,uint256,uint256) (runs: 1024, μ: 1555698, ~: 1555991)
[PASS] testFuzz_stopCleanupMakesSameCallProgress(uint256,uint256) (runs: 1024, μ: 1272963, ~: 1273153)
[PASS] testFuzz_stopCleanupPreservesMoneyGateAndDistinctReceipts(uint256,uint256) (runs: 1024, μ: 1052323, ~: 1052518)
Suite result: ok. 5 passed; 0 failed; 0 skipped; finished in 7.31s (10.93s CPU time)

Ran 5 tests for test/V2DustProgressFuzz.t.sol:V2DustProgressAllInStock0FuzzTest
[PASS] testFuzz_profitCleanupMakesSameCallProgress(uint256,uint256) (runs: 1024, μ: 6292087, ~: 6292243)
[PASS] testFuzz_profitCleanupPreservesMoneyAndDistinctReceipts(uint256,uint256) (runs: 1024, μ: 6040405, ~: 6040568)
[PASS] testFuzz_stopCleanupKeepsGateUntilGenuineReentry(uint256,uint256,uint256) (runs: 1024, μ: 1557018, ~: 1557303)
[PASS] testFuzz_stopCleanupMakesSameCallProgress(uint256,uint256) (runs: 1024, μ: 1272892, ~: 1273077)
[PASS] testFuzz_stopCleanupPreservesMoneyGateAndDistinctReceipts(uint256,uint256) (runs: 1024, μ: 1052137, ~: 1052328)
Suite result: ok. 5 passed; 0 failed; 0 skipped; finished in 7.33s (10.97s CPU time)

Ran 5 tests for test/V2DustProgressFuzz.t.sol:V2DustProgressAllInUsdg0FuzzTest
[PASS] testFuzz_profitCleanupMakesSameCallProgress(uint256,uint256) (runs: 1024, μ: 6292359, ~: 6292517)
[PASS] testFuzz_profitCleanupPreservesMoneyAndDistinctReceipts(uint256,uint256) (runs: 1024, μ: 6040547, ~: 6040712)
[PASS] testFuzz_stopCleanupKeepsGateUntilGenuineReentry(uint256,uint256,uint256) (runs: 1024, μ: 1557979, ~: 1558263)
[PASS] testFuzz_stopCleanupMakesSameCallProgress(uint256,uint256) (runs: 1024, μ: 1272968, ~: 1273153)
[PASS] testFuzz_stopCleanupPreservesMoneyGateAndDistinctReceipts(uint256,uint256) (runs: 1024, μ: 1052327, ~: 1052518)
Suite result: ok. 5 passed; 0 failed; 0 skipped; finished in 7.34s (10.98s CPU time)

Ran 4 test suites in 7.34s (29.29s CPU time): 20 tests passed, 0 failed, 0 skipped (20 total tests)
