No files changed, compilation skipped

Ran 3 tests for test/V2EngineCostInvariant.t.sol:V2EngineCostInvariantTest
[PASS] invariant_costAndBucketsMatchExternalAccountingModel() (runs: 256, calls: 32768, reverts: 0)

╭-------------------+-----------------+-------+---------+----------╮
| Contract          | Selector        | Calls | Reverts | Discards |
+==================================================================+
| EngineCostHandler | advanceCooldown | 3633  | 0       | 0        |
|-------------------+-----------------+-------+---------+----------|
| EngineCostHandler | advanceEpoch    | 3647  | 0       | 0        |
|-------------------+-----------------+-------+---------+----------|
| EngineCostHandler | attemptExecute  | 3604  | 0       | 0        |
|-------------------+-----------------+-------+---------+----------|
| EngineCostHandler | book            | 3616  | 0       | 0        |
|-------------------+-----------------+-------+---------+----------|
| EngineCostHandler | donateStock     | 3602  | 0       | 0        |
|-------------------+-----------------+-------+---------+----------|
| EngineCostHandler | donateUsdg      | 3633  | 0       | 0        |
|-------------------+-----------------+-------+---------+----------|
| EngineCostHandler | makeOracleStale | 3722  | 0       | 0        |
|-------------------+-----------------+-------+---------+----------|
| EngineCostHandler | setMarket       | 3609  | 0       | 0        |
|-------------------+-----------------+-------+---------+----------|
| EngineCostHandler | setOraclePaused | 3702  | 0       | 0        |
╰-------------------+-----------------+-------+---------+----------╯

[PASS] invariant_everyExecuteAttemptIsClassified() (runs: 256, calls: 32768, reverts: 0)

╭-------------------+-----------------+-------+---------+----------╮
| Contract          | Selector        | Calls | Reverts | Discards |
+==================================================================+
| EngineCostHandler | advanceCooldown | 3633  | 0       | 0        |
|-------------------+-----------------+-------+---------+----------|
| EngineCostHandler | advanceEpoch    | 3647  | 0       | 0        |
|-------------------+-----------------+-------+---------+----------|
| EngineCostHandler | attemptExecute  | 3604  | 0       | 0        |
|-------------------+-----------------+-------+---------+----------|
| EngineCostHandler | book            | 3616  | 0       | 0        |
|-------------------+-----------------+-------+---------+----------|
| EngineCostHandler | donateStock     | 3602  | 0       | 0        |
|-------------------+-----------------+-------+---------+----------|
| EngineCostHandler | donateUsdg      | 3633  | 0       | 0        |
|-------------------+-----------------+-------+---------+----------|
| EngineCostHandler | makeOracleStale | 3722  | 0       | 0        |
|-------------------+-----------------+-------+---------+----------|
| EngineCostHandler | setMarket       | 3609  | 0       | 0        |
|-------------------+-----------------+-------+---------+----------|
| EngineCostHandler | setOraclePaused | 3702  | 0       | 0        |
╰-------------------+-----------------+-------+---------+----------╯

[PASS] testFuzz_costTransitionsExerciseBooksPartialBuysAndProfitLossSells(uint96,uint16,uint32) (runs: 1024, μ: 4042229, ~: 4042258)
Suite result: ok. 3 passed; 0 failed; 0 skipped; finished in 6.12s (14.38s CPU time)

Ran 1 test suite in 6.12s (6.12s CPU time): 3 tests passed, 0 failed, 0 skipped (3 total tests)
