No files changed, compilation skipped

Ran 29 tests for test/V2CreatorParameters.t.sol:V2CreatorTradeEconomicsStock0Test
[PASS] test_allInProfitDustDoesNotBlockLaterProfit() (gas: 6222176)
[PASS] test_allInStopDustDoesNotBlockLaterStop() (gas: 6324647)
[PASS] test_cannotBypassExecuteThroughOldSelectors() (gas: 469011)
[PASS] test_closedMarketWithStopConfiguredAllowsProfitButNotDip() (gas: 6690794)
[PASS] test_closedMarketWithoutStopKeepsPoolOnlyDipPolicy() (gas: 6381031)
[PASS] test_dipAfterStopRetiresTheGateForTheNextRung() (gas: 1231132)
[PASS] test_donatedLotsAtCapacityCoalesceWithoutBlockingBookingOrDip() (gas: 17911046)
[PASS] test_dustCleanupSurvivesPendingBookingAtLotCapacity() (gas: 23409456)
[PASS] test_fullBookCannotEraseDistinctCostStopBeforeBuy() (gas: 12870595)
[PASS] test_fullDistinctCostLotsHaveBoundedStopScanGas() (gas: 12982811)
Logs:
  Full distinct-cost execute gas: 816963

[PASS] test_fullDistinctCostLotsRejectBuyWithinGasBudget() (gas: 23016062)
[PASS] test_minimumBookedLotStillExecutesStop() (gas: 644761)
[PASS] test_minimumBookedLotStillExecutesTp1() (gas: 5747634)
[PASS] test_minimumOutputRoundingDustDoesNotBlockLaterStop() (gas: 1215628)
[PASS] test_partialBuyAndHealthyTakeProfitConserveActualFillInventory() (gas: 6125212)
[PASS] test_profitAfterStopReopensDipAtTheProfitRung() (gas: 1346577)
[PASS] test_rebookingReleasedProfitDustDoesNotCountItAsNewStock() (gas: 5874609)
[PASS] test_rebookingReleasedStopDustDoesNotCountItAsNewStock() (gas: 982771)
[PASS] test_stopDustAndDueDipExecuteInTheSameCall() (gas: 1047117)
[PASS] test_stopDustWithoutAnotherDueLotDoesNotClaimASale() (gas: 904676)
[PASS] test_stopNeedsNewReportCooldownAndDeeperPriceBeforeReentry() (gas: 1015484)
[PASS] test_stopTailThatReboundsToTp1DoesNotBlockAnotherProfit() (gas: 1146193)
[PASS] test_stopWinsOverProfitAndDip_andShortFillStillBlocksBuy() (gas: 1142017)
[PASS] test_tinyStopRejectedBeforeDeployment() (gas: 213395)
[PASS] test_tinyTp1RemainderAdvancesStageWithoutClaimingSale() (gas: 5888469)
[PASS] test_unexecutableProfitDustDoesNotBlockLaterProfit() (gas: 6121423)
[PASS] test_unexecutableStopDustDoesNotBlockLaterStop() (gas: 1215804)
[PASS] test_unrepresentableChunkCannotClaimAStop() (gas: 5569292)
[PASS] test_widerMinimumOutputRoundingDustDoesNotBlockLaterStop() (gas: 1216200)
Suite result: ok. 29 passed; 0 failed; 0 skipped; finished in 53.13ms (128.00ms CPU time)

Ran 14 tests for test/V2CreatorCurveConfig.t.sol:V2CreatorCurveConfigTest
[PASS] test_changingTheRaiseAfterPredictRestates() (gas: 15511682)
[PASS] test_changingTheWindowAfterPredictRestates() (gas: 13623499)
[PASS] test_creatorSaleBpsBuildsTheCurveAndItsRaise() (gas: 57860925)
[PASS] test_creatorSnipeSecondsSetsTheOpeningWindow() (gas: 36896537)
[PASS] test_firstRegistrationAfterPredictRestatesOnlyIfItChangesTheCurve() (gas: 15502309)
[PASS] test_noRegistrationGivesTheDefaults() (gas: 17703143)
[PASS] test_openingWindowLiterals() (gas: 26549877)
[PASS] test_predictCurveIsTheDeployedCurveForCreatorChoices() (gas: 8979803)
[PASS] test_preflightRefusesAnUnseedableCreatorChoice() (gas: 15643397)
[PASS] test_reRegisteringALaunchedSaltChangesNothingDeployed() (gas: 8909322)
[PASS] test_registrationEmitsAndReadsBack() (gas: 42824)
[PASS] test_saleBpsOutsideTheCurvesBoundsIsRefusedAtRegistration() (gas: 51070)
[PASS] test_snipeSecondsOverTheBoundIsRefusedAtRegistration() (gas: 45278)
[PASS] test_strangerCannotChooseForAnotherCreatorsSalt() (gas: 17529571)
Suite result: ok. 14 passed; 0 failed; 0 skipped; finished in 115.47ms (28.42ms CPU time)

Ran 29 tests for test/V2CreatorParameters.t.sol:V2CreatorTradeEconomicsUsdg0Test
[PASS] test_allInProfitDustDoesNotBlockLaterProfit() (gas: 6222450)
[PASS] test_allInStopDustDoesNotBlockLaterStop() (gas: 6324789)
[PASS] test_cannotBypassExecuteThroughOldSelectors() (gas: 469344)
[PASS] test_closedMarketWithStopConfiguredAllowsProfitButNotDip() (gas: 6690931)
[PASS] test_closedMarketWithoutStopKeepsPoolOnlyDipPolicy() (gas: 6382140)
[PASS] test_dipAfterStopRetiresTheGateForTheNextRung() (gas: 1231455)
[PASS] test_donatedLotsAtCapacityCoalesceWithoutBlockingBookingOrDip() (gas: 17904833)
[PASS] test_dustCleanupSurvivesPendingBookingAtLotCapacity() (gas: 23402879)
[PASS] test_fullBookCannotEraseDistinctCostStopBeforeBuy() (gas: 12863682)
[PASS] test_fullDistinctCostLotsHaveBoundedStopScanGas() (gas: 12975592)
Logs:
  Full distinct-cost execute gas: 816523

[PASS] test_fullDistinctCostLotsRejectBuyWithinGasBudget() (gas: 23009237)
[PASS] test_minimumBookedLotStillExecutesStop() (gas: 644654)
[PASS] test_minimumBookedLotStillExecutesTp1() (gas: 5747752)
[PASS] test_minimumOutputRoundingDustDoesNotBlockLaterStop() (gas: 1215704)
[PASS] test_partialBuyAndHealthyTakeProfitConserveActualFillInventory() (gas: 6125952)
[PASS] test_profitAfterStopReopensDipAtTheProfitRung() (gas: 1348273)
[PASS] test_rebookingReleasedProfitDustDoesNotCountItAsNewStock() (gas: 5874753)
[PASS] test_rebookingReleasedStopDustDoesNotCountItAsNewStock() (gas: 982961)
[PASS] test_stopDustAndDueDipExecuteInTheSameCall() (gas: 1048108)
[PASS] test_stopDustWithoutAnotherDueLotDoesNotClaimASale() (gas: 904922)
[PASS] test_stopNeedsNewReportCooldownAndDeeperPriceBeforeReentry() (gas: 1015953)
[PASS] test_stopTailThatReboundsToTp1DoesNotBlockAnotherProfit() (gas: 1146907)
[PASS] test_stopWinsOverProfitAndDip_andShortFillStillBlocksBuy() (gas: 1141727)
[PASS] test_tinyStopRejectedBeforeDeployment() (gas: 213461)
[PASS] test_tinyTp1RemainderAdvancesStageWithoutClaimingSale() (gas: 5888636)
[PASS] test_unexecutableProfitDustDoesNotBlockLaterProfit() (gas: 6121697)
[PASS] test_unexecutableStopDustDoesNotBlockLaterStop() (gas: 1215880)
[PASS] test_unrepresentableChunkCannotClaimAStop() (gas: 5569523)
[PASS] test_widerMinimumOutputRoundingDustDoesNotBlockLaterStop() (gas: 1216276)
Suite result: ok. 29 passed; 0 failed; 0 skipped; finished in 134.28ms (117.94ms CPU time)

Ran 40 tests for test/V2CreatorTakeProfit.t.sol:V2CreatorTakeProfitUsdg0Test
[PASS] test_allInProfitDustDoesNotBlockLaterProfit() (gas: 6222670)
[PASS] test_allInStopDustDoesNotBlockLaterStop() (gas: 6324943)
[PASS] test_cannotBypassExecuteThroughOldSelectors() (gas: 469498)
[PASS] test_closedMarketWithStopConfiguredAllowsProfitButNotDip() (gas: 6691085)
[PASS] test_closedMarketWithoutStopKeepsPoolOnlyDipPolicy() (gas: 6382228)
[PASS] test_creator180TriggerSucceedsOnSmallHealthyActualFill() (gas: 5864188)
[PASS] test_creatorApprovedAdverseActualFillSucceedsWithoutNetProfitRequirement() (gas: 5976708)
[PASS] test_creatorOneBpsDipActuallyExecutesWithActualFillCost() (gas: 5957603)
[PASS] test_creatorOneBpsStopActuallyExecutesAndPaysOnlyActualUsdGReward() (gas: 5865418)
[PASS] test_dipAfterStopRetiresTheGateForTheNextRung() (gas: 1231631)
[PASS] test_distinctCost128DustLotsReleaseCapacity_keepStopGate_thenBookAndBuyNormally() (gas: 77042926)
[PASS] test_distinctCost128ValuableRemaindersReleaseCapacityWithoutFreeRewards() (gas: 76394552)
[PASS] test_donatedLotsAtCapacityCoalesceWithoutBlockingBookingOrDip() (gas: 17904965)
[PASS] test_dustCleanupSurvivesPendingBookingAtLotCapacity() (gas: 23402923)
[PASS] test_exactCostCoalescedLotsConserveInventory_andNormalFillClearsStopGate() (gas: 5836860)
[PASS] test_fullBookCannotEraseDistinctCostStopBeforeBuy() (gas: 12863770)
[PASS] test_fullDistinctCostLotsHaveBoundedStopScanGas() (gas: 12975658)
Logs:
  Full distinct-cost execute gas: 816523

[PASS] test_fullDistinctCostLotsRejectBuyWithinGasBudget() (gas: 23009413)
[PASS] test_minimumBookedLotStillExecutesStop() (gas: 644830)
[PASS] test_minimumBookedLotStillExecutesTp1() (gas: 5747840)
[PASS] test_minimumOutputRoundingDustDoesNotBlockLaterStop() (gas: 1215858)
[PASS] test_noMonetaryFillRevertsAtomicallyWithoutRewardOrStopGateChange() (gas: 6999222)
[PASS] test_oneWeiTp1StageAdvanceThenDustCleanupMovesNoRewardOrPriceReference() (gas: 5636098)
[PASS] test_partialTp1RemainderReclassificationProgressesTwoCallsThenTp2WithoutEconomicSideEffects() (gas: 5810269)
[PASS] test_profitAfterStopReopensDipAtTheProfitRung() (gas: 1348449)
[PASS] test_rebookingReleasedProfitDustDoesNotCountItAsNewStock() (gas: 5874753)
[PASS] test_rebookingReleasedStopDustDoesNotCountItAsNewStock() (gas: 983159)
[PASS] test_stopDustAndDueDipExecuteInTheSameCall() (gas: 1048306)
[PASS] test_stopDustWithoutAnotherDueLotDoesNotClaimASale() (gas: 905098)
[PASS] test_stopNeedsNewReportCooldownAndDeeperPriceBeforeReentry() (gas: 1016094)
[PASS] test_stopTailThatReboundsToTp1DoesNotBlockAnotherProfit() (gas: 1146929)
[PASS] test_stopWinsOverProfitAndDip_andShortFillStillBlocksBuy() (gas: 1141903)
[PASS] test_tinyStopRejectedBeforeDeployment() (gas: 213637)
[PASS] test_tinyTp1RemainderAdvancesStageWithoutClaimingSale() (gas: 5888856)
[PASS] test_unexecutableProfitDustDoesNotBlockLaterProfit() (gas: 6121873)
[PASS] test_unexecutableStopDustDoesNotBlockLaterStop() (gas: 1216056)
[PASS] test_unrepresentableChunkCannotClaimAStop() (gas: 5569721)
[PASS] test_valuableRemainderReclassifiesWithoutRewardSaleOrStopGateChange() (gas: 5617602)
[PASS] test_widerMinimumOutputRoundingDustDoesNotBlockLaterStop() (gas: 1216496)
[PASS] test_zeroSelectedQuantityRevertsAtomicallyInsteadOfPayingForAnEmptyAction() (gas: 6055696)
Suite result: ok. 40 passed; 0 failed; 0 skipped; finished in 134.36ms (323.31ms CPU time)

Ran 40 tests for test/V2CreatorTakeProfit.t.sol:V2CreatorTakeProfitStock0Test
[PASS] test_allInProfitDustDoesNotBlockLaterProfit() (gas: 6222396)
[PASS] test_allInStopDustDoesNotBlockLaterStop() (gas: 6324801)
[PASS] test_cannotBypassExecuteThroughOldSelectors() (gas: 469165)
[PASS] test_closedMarketWithStopConfiguredAllowsProfitButNotDip() (gas: 6690948)
[PASS] test_closedMarketWithoutStopKeepsPoolOnlyDipPolicy() (gas: 6381119)
[PASS] test_creator180TriggerSucceedsOnSmallHealthyActualFill() (gas: 5864074)
[PASS] test_creatorApprovedAdverseActualFillSucceedsWithoutNetProfitRequirement() (gas: 5969918)
[PASS] test_creatorOneBpsDipActuallyExecutesWithActualFillCost() (gas: 5956823)
[PASS] test_creatorOneBpsStopActuallyExecutesAndPaysOnlyActualUsdGReward() (gas: 5865744)
[PASS] test_dipAfterStopRetiresTheGateForTheNextRung() (gas: 1231308)
[PASS] test_distinctCost128DustLotsReleaseCapacity_keepStopGate_thenBookAndBuyNormally() (gas: 77056195)
[PASS] test_distinctCost128ValuableRemaindersReleaseCapacityWithoutFreeRewards() (gas: 76401259)
[PASS] test_donatedLotsAtCapacityCoalesceWithoutBlockingBookingOrDip() (gas: 17911178)
[PASS] test_dustCleanupSurvivesPendingBookingAtLotCapacity() (gas: 23409500)
[PASS] test_exactCostCoalescedLotsConserveInventory_andNormalFillClearsStopGate() (gas: 5836690)
[PASS] test_fullBookCannotEraseDistinctCostStopBeforeBuy() (gas: 12870683)
[PASS] test_fullDistinctCostLotsHaveBoundedStopScanGas() (gas: 12982877)
Logs:
  Full distinct-cost execute gas: 816963

[PASS] test_fullDistinctCostLotsRejectBuyWithinGasBudget() (gas: 23016238)
[PASS] test_minimumBookedLotStillExecutesStop() (gas: 644937)
[PASS] test_minimumBookedLotStillExecutesTp1() (gas: 5747722)
[PASS] test_minimumOutputRoundingDustDoesNotBlockLaterStop() (gas: 1215782)
[PASS] test_noMonetaryFillRevertsAtomicallyWithoutRewardOrStopGateChange() (gas: 6999765)
[PASS] test_oneWeiTp1StageAdvanceThenDustCleanupMovesNoRewardOrPriceReference() (gas: 5636256)
[PASS] test_partialTp1RemainderReclassificationProgressesTwoCallsThenTp2WithoutEconomicSideEffects() (gas: 5810651)
[PASS] test_profitAfterStopReopensDipAtTheProfitRung() (gas: 1346753)
[PASS] test_rebookingReleasedProfitDustDoesNotCountItAsNewStock() (gas: 5874609)
[PASS] test_rebookingReleasedStopDustDoesNotCountItAsNewStock() (gas: 982969)
[PASS] test_stopDustAndDueDipExecuteInTheSameCall() (gas: 1047276)
[PASS] test_stopDustWithoutAnotherDueLotDoesNotClaimASale() (gas: 904852)
[PASS] test_stopNeedsNewReportCooldownAndDeeperPriceBeforeReentry() (gas: 1015625)
[PASS] test_stopTailThatReboundsToTp1DoesNotBlockAnotherProfit() (gas: 1146215)
[PASS] test_stopWinsOverProfitAndDip_andShortFillStillBlocksBuy() (gas: 1142193)
[PASS] test_tinyStopRejectedBeforeDeployment() (gas: 213571)
[PASS] test_tinyTp1RemainderAdvancesStageWithoutClaimingSale() (gas: 5888689)
[PASS] test_unexecutableProfitDustDoesNotBlockLaterProfit() (gas: 6121599)
[PASS] test_unexecutableStopDustDoesNotBlockLaterStop() (gas: 1215980)
[PASS] test_unrepresentableChunkCannotClaimAStop() (gas: 5569490)
[PASS] test_valuableRemainderReclassifiesWithoutRewardSaleOrStopGateChange() (gas: 5617746)
[PASS] test_widerMinimumOutputRoundingDustDoesNotBlockLaterStop() (gas: 1216420)
[PASS] test_zeroSelectedQuantityRevertsAtomicallyInsteadOfPayingForAnEmptyAction() (gas: 6054289)
Suite result: ok. 40 passed; 0 failed; 0 skipped; finished in 201.92ms (310.35ms CPU time)

Ran 10 tests for test/V2CreatorParameters.t.sol:V2CreatorParametersTest
[PASS] testFuzz_allValidCreatorRungsSurviveAdapterAndAllThreeEntries(uint32,uint16,uint16,uint16) (runs: 4096, μ: 10096737, ~: 10096700)
[PASS] test_constructorAdapterPreservesEveryNonEconomicBound() (gas: 2023494)
[PASS] test_defaultKindBindsExactCreatorSelectedCode() (gas: 29931)
[PASS] test_legacyConstructorAndRegistryKeepTheirImmutableEconomicBounds() (gas: 11022103)
[PASS] test_listingSlippageAndMaximumBountyDoNotImposeOrdinaryRungFloors() (gas: 8855586)
[PASS] test_oneBpsTpDipAndStopAreAccepted_evenWithMaximumBounty() (gas: 10094971)
[PASS] test_pureBuybackKeepsItsOriginalRegistryStopBoundary() (gas: 7380056)
[PASS] test_sameCodeRegisteredAtAnotherKindAlsoUsesCreatorRungs() (gas: 11369520)
[PASS] test_zeroOrMalformedOriginalRungsRejectedAcrossAllEntries() (gas: 533470)
[PASS] test_zeroStopAndMaximumBasicRungsAreAccepted() (gas: 20134982)
Suite result: ok. 10 passed; 0 failed; 0 skipped; finished in 2.12s (2.02s CPU time)

Ran 6 test suites in 2.12s (2.76s CPU time): 162 tests passed, 0 failed, 0 skipped (162 total tests)
